// Jest Snapshot v1, https://goo.gl/fbAQLP

exports[`<CardList /> should render the CardList as default 1`] = `
<div
  aria-label="CardList"
>
  <div
    class="flex flex-col justify-between p-4 m-4 my-16 mx-10 bg-white rounded-md border-l-4 border-teal-500 border-solid shadow-md sm:flex-row sm:my-8"
  >
    <div
      class="flex flex-col sm:flex-row"
    >
      <div>
        <img
          class="inline-block rounded-full w-12 h-12"
          src="https://gravatar.com/4405735f6f3129e0286d9d43e7b460d0"
        />
      </div>
      <div
        class="flex flex-col justify-between ml-4"
      >
        <h3
          class="text-base font-bold text-teal-500"
        >
          CardList Title
        </h3>
        <h2
          class="my-2 text-xl font-bold sm:my-0"
        >
          CardList Name
        </h2>
      </div>
    </div>
  </div>
</div>
`;
