// Jest Snapshot v1, https://goo.gl/fbAQLP

exports[`<SearchInput /> should render the SearchInput as default 1`] = `
<div
  class="flex justify-center items-center"
>
  <div
    class="flex w-full rounded border-2"
  >
    <input
      aria-label="SearchInput"
      class="py-2 px-4 w-full"
      placeholder="Search..."
      type="text"
    />
    <button
      aria-label="SearchInputIcon"
      class="flex justify-center items-center px-4 bg-white border-l"
    >
      <div
        class="w-6 h-6 text-gray-600"
      />
    </button>
  </div>
</div>
`;
